// Jest Snapshot v1, https://goo.gl/fbAQLP

exports[`renders correctly 1`] = `
<div
  className="css-1vh8195"
>
  <p
    className="css-1qyvk2s"
  >
    This is a TEST error message.
  </p>
</div>
`;
