// Jest Snapshot v1, https://goo.gl/fbAQLP

exports[`renders correctly 1`] = `
<p
  className="css-v8rbnv"
>
  This is TEST text.
</p>
`;
