// Jest Snapshot v1, https://goo.gl/fbAQLP

exports[`renders correctly 1`] = `
<div
  className="css-15qcvv9"
>
  <p
    className="css-mafmc5"
  >
    Whoops - this page doesn't seem to exist!
  </p>
  <p
    className="css-v8rbnv"
  >
    <span
      aria-label="x emoji"
      role="img"
    >
      ‚ùå
    </span>

    404 - File or directory not found.
  </p>
  <p
    className="css-v8rbnv"
  >
    The resource you are looking for might have been removed, had its name changed, or is temporarily unavailable.
  </p>
  <button
    className="MuiButtonBase-root MuiButton-root MuiButton-contained MuiButton-containedPrimary MuiButton-sizeLarge MuiButton-containedSizeLarge MuiButton-root MuiButton-contained MuiButton-containedPrimary MuiButton-sizeLarge MuiButton-containedSizeLarge css-1mo5pof-MuiButtonBase-root-MuiButton-root"
    disabled={false}
    onBlur={[Function]}
    onClick={[Function]}
    onContextMenu={[Function]}
    onDragLeave={[Function]}
    onFocus={[Function]}
    onKeyDown={[Function]}
    onKeyUp={[Function]}
    onMouseDown={[Function]}
    onMouseLeave={[Function]}
    onMouseUp={[Function]}
    onTouchEnd={[Function]}
    onTouchMove={[Function]}
    onTouchStart={[Function]}
    style={
      Object {
        "alignSelf": "center",
        "fontWeight": "bold",
      }
    }
    tabIndex={0}
    type="button"
  >
    Take Me Back to Civilization!
  </button>
</div>
`;
