// Jest Snapshot v1, https://goo.gl/fbAQLP

exports[`renders correctly 1`] = `
<div
  className="css-skybt6"
>
  <pre>
    {"pathname":"/test-route","search":""}
  </pre>
</div>
`;
