// Vitest Snapshot v1, https://vitest.dev/guide/snapshot.html

exports[`renders correctly 1`] = `
[
  <div
    className="css-eao24d"
  >
    <span
      className="MuiCircularProgress-root MuiCircularProgress-indeterminate MuiCircularProgress-colorPrimary css-xmpvs9-MuiCircularProgress-root"
      role="progressbar"
      style={
        {
          "height": "7rem",
          "width": "7rem",
        }
      }
    >
      <svg
        className="MuiCircularProgress-svg css-1idz92c-MuiCircularProgress-svg"
        viewBox="22 22 44 44"
      >
        <circle
          className="MuiCircularProgress-circle MuiCircularProgress-circleIndeterminate css-176wh8e-MuiCircularProgress-circle"
          cx={44}
          cy={44}
          fill="none"
          r={19.75}
          strokeWidth={4.5}
          style={{}}
        />
      </svg>
    </span>
  </div>,
  <div
    className="Toastify"
  />,
]
`;
