// Jest Snapshot v1, https://goo.gl/fbAQLP

exports[`renders correctly 1`] = `
<span>
  <a
    href="https://stripe.com/"
  >
    <img
      alt="Stripe Badge"
      src="powered_by_stripe.png"
    />
  </a>
</span>
`;
