// Vitest Snapshot v1, https://vitest.dev/guide/snapshot.html

exports[`renders correctly 1`] = `
<span>
  Mock_StripeFormElements
</span>
`;
