// Jest Snapshot v1, https://goo.gl/fbAQLP

exports[`renders correctly 1`] = `
<div>
  <p>
    This is a TEST of ErrorBoundary.
  </p>
</div>
`;
