// Vitest Snapshot v1, https://vitest.dev/guide/snapshot.html

exports[`renders correctly 1`] = `
<div>
  <p>
    This is a TEST of ErrorBoundary.
  </p>
</div>
`;
